[1.627s] Invoking command in '/home/pranjal/robot_ws/argo-test/src/nav_pkg': DEBUGINFOD_URLS=https://debuginfod.ubuntu.com PYTHONPATH=/home/pranjal/robot_ws/argo-test/build/nav_pkg/prefix_override:/usr/lib/python3/dist-packages/colcon_core/task/python/colcon_distutils_commands:/home/pranjal/robot_ws/argo-test/install/nav_pkg/lib/python3.12/site-packages:${PYTHONPATH} /usr/bin/python3 -W ignore:setup.py install is deprecated -W ignore:easy_install command is deprecated setup.py egg_info --egg-base ../../build/nav_pkg build --build-base /home/pranjal/robot_ws/argo-test/build/nav_pkg/build install --record /home/pranjal/robot_ws/argo-test/build/nav_pkg/install.log --single-version-externally-managed install_data
[2.155s] running egg_info
[2.159s] creating ../../build/nav_pkg/nav_pkg.egg-info
[2.228s] writing ../../build/nav_pkg/nav_pkg.egg-info/PKG-INFO
[2.234s] writing dependency_links to ../../build/nav_pkg/nav_pkg.egg-info/dependency_links.txt
[2.234s] writing requirements to ../../build/nav_pkg/nav_pkg.egg-info/requires.txt
[2.234s] writing top-level names to ../../build/nav_pkg/nav_pkg.egg-info/top_level.txt
[2.235s] writing manifest file '../../build/nav_pkg/nav_pkg.egg-info/SOURCES.txt'
[2.380s] reading manifest file '../../build/nav_pkg/nav_pkg.egg-info/SOURCES.txt'
[2.386s] writing manifest file '../../build/nav_pkg/nav_pkg.egg-info/SOURCES.txt'
[2.386s] running build
[2.387s] running build_py
[2.387s] creating /home/pranjal/robot_ws/argo-test/build/nav_pkg/build
[2.387s] creating /home/pranjal/robot_ws/argo-test/build/nav_pkg/build/lib
[2.388s] creating /home/pranjal/robot_ws/argo-test/build/nav_pkg/build/lib/nav_pkg
[2.388s] copying nav_pkg/__init__.py -> /home/pranjal/robot_ws/argo-test/build/nav_pkg/build/lib/nav_pkg
[2.388s] running install
[2.414s] running install_lib
[2.511s] creating /home/pranjal/robot_ws/argo-test/install/nav_pkg/lib/python3.12/site-packages/nav_pkg
[2.511s] copying /home/pranjal/robot_ws/argo-test/build/nav_pkg/build/lib/nav_pkg/__init__.py -> /home/pranjal/robot_ws/argo-test/install/nav_pkg/lib/python3.12/site-packages/nav_pkg
[2.517s] byte-compiling /home/pranjal/robot_ws/argo-test/install/nav_pkg/lib/python3.12/site-packages/nav_pkg/__init__.py to __init__.cpython-312.pyc
[2.517s] running install_data
[2.517s] creating /home/pranjal/robot_ws/argo-test/install/nav_pkg/share/ament_index
[2.517s] creating /home/pranjal/robot_ws/argo-test/install/nav_pkg/share/ament_index/resource_index
[2.517s] creating /home/pranjal/robot_ws/argo-test/install/nav_pkg/share/ament_index/resource_index/packages
[2.518s] copying resource/nav_pkg -> /home/pranjal/robot_ws/argo-test/install/nav_pkg/share/ament_index/resource_index/packages
[2.518s] copying package.xml -> /home/pranjal/robot_ws/argo-test/install/nav_pkg/share/nav_pkg
[2.524s] creating /home/pranjal/robot_ws/argo-test/install/nav_pkg/share/nav_pkg/launch
[2.524s] copying launch/navigation_launch_sim.py -> /home/pranjal/robot_ws/argo-test/install/nav_pkg/share/nav_pkg/launch
[2.525s] copying launch/localization_launch_real.py -> /home/pranjal/robot_ws/argo-test/install/nav_pkg/share/nav_pkg/launch
[2.525s] copying launch/navigation_launch_real.py -> /home/pranjal/robot_ws/argo-test/install/nav_pkg/share/nav_pkg/launch
[2.525s] copying launch/localization_launch_sim.py -> /home/pranjal/robot_ws/argo-test/install/nav_pkg/share/nav_pkg/launch
[2.525s] creating /home/pranjal/robot_ws/argo-test/install/nav_pkg/share/nav_pkg/config
[2.525s] copying config/params that work on real robot.yaml -> /home/pranjal/robot_ws/argo-test/install/nav_pkg/share/nav_pkg/config
[2.525s] copying config/nav2_params_real.yaml -> /home/pranjal/robot_ws/argo-test/install/nav_pkg/share/nav_pkg/config
[2.525s] copying config/output.json -> /home/pranjal/robot_ws/argo-test/install/nav_pkg/share/nav_pkg/config
[2.525s] copying config/nav2_params_sim.yaml -> /home/pranjal/robot_ws/argo-test/install/nav_pkg/share/nav_pkg/config
[2.527s] running install_egg_info
[2.613s] Copying ../../build/nav_pkg/nav_pkg.egg-info to /home/pranjal/robot_ws/argo-test/install/nav_pkg/lib/python3.12/site-packages/nav_pkg-1.0.0-py3.12.egg-info
[2.615s] running install_scripts
[3.109s] writing list of installed files to '/home/pranjal/robot_ws/argo-test/build/nav_pkg/install.log'
[3.331s] Invoked command in '/home/pranjal/robot_ws/argo-test/src/nav_pkg' returned '0': DEBUGINFOD_URLS=https://debuginfod.ubuntu.com PYTHONPATH=/home/pranjal/robot_ws/argo-test/build/nav_pkg/prefix_override:/usr/lib/python3/dist-packages/colcon_core/task/python/colcon_distutils_commands:/home/pranjal/robot_ws/argo-test/install/nav_pkg/lib/python3.12/site-packages:${PYTHONPATH} /usr/bin/python3 -W ignore:setup.py install is deprecated -W ignore:easy_install command is deprecated setup.py egg_info --egg-base ../../build/nav_pkg build --build-base /home/pranjal/robot_ws/argo-test/build/nav_pkg/build install --record /home/pranjal/robot_ws/argo-test/build/nav_pkg/install.log --single-version-externally-managed install_data
