[0.081s] DEBUG:colcon:Command line arguments: ['/usr/bin/colcon', 'build']
[0.082s] DEBUG:colcon:Parsed command line arguments: Namespace(log_base=None, log_level=None, verb_name='build', build_base='build', install_base='install', merge_install=False, symlink_install=False, test_result_base=None, continue_on_error=False, executor='parallel', parallel_workers=12, event_handlers=None, ignore_user_meta=False, metas=['./colcon.meta'], base_paths=['.'], packages_ignore=None, packages_ignore_regex=None, paths=None, packages_up_to=None, packages_up_to_regex=None, packages_above=None, packages_above_and_dependencies=None, packages_above_depth=None, packages_select_by_dep=None, packages_skip_by_dep=None, packages_skip_up_to=None, packages_select_build_failed=False, packages_skip_build_finished=False, packages_select_test_failures=False, packages_skip_test_passed=False, packages_select=None, packages_skip=None, packages_select_regex=None, packages_skip_regex=None, packages_start=None, packages_end=None, cmake_args=None, cmake_target=None, cmake_target_skip_unavailable=False, cmake_clean_cache=False, cmake_clean_first=False, cmake_force_configure=False, ament_cmake_args=None, catkin_cmake_args=None, catkin_skip_building_tests=False, verb_parser=<colcon_defaults.argument_parser.defaults.DefaultArgumentsDecorator object at 0x737dc9a08680>, verb_extension=<colcon_core.verb.build.BuildVerb object at 0x737dc9b38b00>, main=<bound method BuildVerb.main of <colcon_core.verb.build.BuildVerb object at 0x737dc9b38b00>>)
[0.112s] Level 1:colcon.colcon_core.package_discovery:discover_packages(colcon_meta) check parameters
[0.112s] Level 1:colcon.colcon_core.package_discovery:discover_packages(recursive) check parameters
[0.112s] Level 1:colcon.colcon_core.package_discovery:discover_packages(ignore) check parameters
[0.112s] Level 1:colcon.colcon_core.package_discovery:discover_packages(path) check parameters
[0.112s] Level 1:colcon.colcon_core.package_discovery:discover_packages(colcon_meta) discover
[0.112s] Level 1:colcon.colcon_core.package_discovery:discover_packages(recursive) discover
[0.112s] INFO:colcon.colcon_core.package_discovery:Crawling recursively for packages in '/home/pranjal/robot_ws/argo-test'
[0.112s] Level 1:colcon.colcon_core.package_identification:_identify(.) by extensions ['ignore', 'ignore_ament_install']
[0.112s] Level 1:colcon.colcon_core.package_identification:_identify(.) by extension 'ignore'
[0.112s] Level 1:colcon.colcon_core.package_identification:_identify(.) by extension 'ignore_ament_install'
[0.113s] Level 1:colcon.colcon_core.package_identification:_identify(.) by extensions ['colcon_pkg']
[0.113s] Level 1:colcon.colcon_core.package_identification:_identify(.) by extension 'colcon_pkg'
[0.113s] Level 1:colcon.colcon_core.package_identification:_identify(.) by extensions ['colcon_meta']
[0.113s] Level 1:colcon.colcon_core.package_identification:_identify(.) by extension 'colcon_meta'
[0.113s] Level 1:colcon.colcon_core.package_identification:_identify(.) by extensions ['ros']
[0.113s] Level 1:colcon.colcon_core.package_identification:_identify(.) by extension 'ros'
[0.134s] Level 1:colcon.colcon_core.package_identification:_identify(.) by extensions ['cmake', 'python']
[0.134s] Level 1:colcon.colcon_core.package_identification:_identify(.) by extension 'cmake'
[0.134s] Level 1:colcon.colcon_core.package_identification:_identify(.) by extension 'python'
[0.134s] Level 1:colcon.colcon_core.package_identification:_identify(.) by extensions ['python_setup_py']
[0.134s] Level 1:colcon.colcon_core.package_identification:_identify(.) by extension 'python_setup_py'
[0.134s] Level 1:colcon.colcon_core.package_identification:_identify(build) by extensions ['ignore', 'ignore_ament_install']
[0.134s] Level 1:colcon.colcon_core.package_identification:_identify(build) by extension 'ignore'
[0.134s] Level 1:colcon.colcon_core.package_identification:_identify(build) ignored
[0.134s] Level 1:colcon.colcon_core.package_identification:_identify(install) by extensions ['ignore', 'ignore_ament_install']
[0.134s] Level 1:colcon.colcon_core.package_identification:_identify(install) by extension 'ignore'
[0.134s] Level 1:colcon.colcon_core.package_identification:_identify(install) ignored
[0.134s] Level 1:colcon.colcon_core.package_identification:_identify(log) by extensions ['ignore', 'ignore_ament_install']
[0.134s] Level 1:colcon.colcon_core.package_identification:_identify(log) by extension 'ignore'
[0.134s] Level 1:colcon.colcon_core.package_identification:_identify(log) ignored
[0.134s] Level 1:colcon.colcon_core.package_identification:_identify(src) by extensions ['ignore', 'ignore_ament_install']
[0.135s] Level 1:colcon.colcon_core.package_identification:_identify(src) by extension 'ignore'
[0.135s] Level 1:colcon.colcon_core.package_identification:_identify(src) by extension 'ignore_ament_install'
[0.135s] Level 1:colcon.colcon_core.package_identification:_identify(src) by extensions ['colcon_pkg']
[0.135s] Level 1:colcon.colcon_core.package_identification:_identify(src) by extension 'colcon_pkg'
[0.135s] Level 1:colcon.colcon_core.package_identification:_identify(src) by extensions ['colcon_meta']
[0.135s] Level 1:colcon.colcon_core.package_identification:_identify(src) by extension 'colcon_meta'
[0.135s] Level 1:colcon.colcon_core.package_identification:_identify(src) by extensions ['ros']
[0.135s] Level 1:colcon.colcon_core.package_identification:_identify(src) by extension 'ros'
[0.135s] Level 1:colcon.colcon_core.package_identification:_identify(src) by extensions ['cmake', 'python']
[0.135s] Level 1:colcon.colcon_core.package_identification:_identify(src) by extension 'cmake'
[0.135s] Level 1:colcon.colcon_core.package_identification:_identify(src) by extension 'python'
[0.135s] Level 1:colcon.colcon_core.package_identification:_identify(src) by extensions ['python_setup_py']
[0.135s] Level 1:colcon.colcon_core.package_identification:_identify(src) by extension 'python_setup_py'
[0.135s] Level 1:colcon.colcon_core.package_identification:_identify(src/nav_pkg) by extensions ['ignore', 'ignore_ament_install']
[0.135s] Level 1:colcon.colcon_core.package_identification:_identify(src/nav_pkg) by extension 'ignore'
[0.135s] Level 1:colcon.colcon_core.package_identification:_identify(src/nav_pkg) by extension 'ignore_ament_install'
[0.135s] Level 1:colcon.colcon_core.package_identification:_identify(src/nav_pkg) by extensions ['colcon_pkg']
[0.135s] Level 1:colcon.colcon_core.package_identification:_identify(src/nav_pkg) by extension 'colcon_pkg'
[0.135s] Level 1:colcon.colcon_core.package_identification:_identify(src/nav_pkg) by extensions ['colcon_meta']
[0.135s] Level 1:colcon.colcon_core.package_identification:_identify(src/nav_pkg) by extension 'colcon_meta'
[0.135s] Level 1:colcon.colcon_core.package_identification:_identify(src/nav_pkg) by extensions ['ros']
[0.135s] Level 1:colcon.colcon_core.package_identification:_identify(src/nav_pkg) by extension 'ros'
[0.137s] DEBUG:colcon.colcon_core.package_identification:Package 'src/nav_pkg' with type 'ros.ament_python' and name 'nav_pkg'
[0.137s] Level 1:colcon.colcon_core.package_identification:_identify(src/robot_control_pkg) by extensions ['ignore', 'ignore_ament_install']
[0.137s] Level 1:colcon.colcon_core.package_identification:_identify(src/robot_control_pkg) by extension 'ignore'
[0.137s] Level 1:colcon.colcon_core.package_identification:_identify(src/robot_control_pkg) by extension 'ignore_ament_install'
[0.138s] Level 1:colcon.colcon_core.package_identification:_identify(src/robot_control_pkg) by extensions ['colcon_pkg']
[0.138s] Level 1:colcon.colcon_core.package_identification:_identify(src/robot_control_pkg) by extension 'colcon_pkg'
[0.138s] Level 1:colcon.colcon_core.package_identification:_identify(src/robot_control_pkg) by extensions ['colcon_meta']
[0.138s] Level 1:colcon.colcon_core.package_identification:_identify(src/robot_control_pkg) by extension 'colcon_meta'
[0.138s] Level 1:colcon.colcon_core.package_identification:_identify(src/robot_control_pkg) by extensions ['ros']
[0.138s] Level 1:colcon.colcon_core.package_identification:_identify(src/robot_control_pkg) by extension 'ros'
[0.138s] DEBUG:colcon.colcon_core.package_identification:Package 'src/robot_control_pkg' with type 'ros.ament_cmake' and name 'robot_control_pkg'
[0.138s] Level 1:colcon.colcon_core.package_identification:_identify(src/rplidar_ros) by extensions ['ignore', 'ignore_ament_install']
[0.138s] Level 1:colcon.colcon_core.package_identification:_identify(src/rplidar_ros) by extension 'ignore'
[0.138s] Level 1:colcon.colcon_core.package_identification:_identify(src/rplidar_ros) by extension 'ignore_ament_install'
[0.139s] Level 1:colcon.colcon_core.package_identification:_identify(src/rplidar_ros) by extensions ['colcon_pkg']
[0.139s] Level 1:colcon.colcon_core.package_identification:_identify(src/rplidar_ros) by extension 'colcon_pkg'
[0.139s] Level 1:colcon.colcon_core.package_identification:_identify(src/rplidar_ros) by extensions ['colcon_meta']
[0.139s] Level 1:colcon.colcon_core.package_identification:_identify(src/rplidar_ros) by extension 'colcon_meta'
[0.139s] Level 1:colcon.colcon_core.package_identification:_identify(src/rplidar_ros) by extensions ['ros']
[0.139s] Level 1:colcon.colcon_core.package_identification:_identify(src/rplidar_ros) by extension 'ros'
[0.139s] DEBUG:colcon.colcon_core.package_identification:Package 'src/rplidar_ros' with type 'ros.ament_cmake' and name 'rplidar_ros'
[0.139s] Level 1:colcon.colcon_core.package_identification:_identify(src/serial_robot_control_arduino) by extensions ['ignore', 'ignore_ament_install']
[0.139s] Level 1:colcon.colcon_core.package_identification:_identify(src/serial_robot_control_arduino) by extension 'ignore'
[0.139s] Level 1:colcon.colcon_core.package_identification:_identify(src/serial_robot_control_arduino) by extension 'ignore_ament_install'
[0.139s] Level 1:colcon.colcon_core.package_identification:_identify(src/serial_robot_control_arduino) by extensions ['colcon_pkg']
[0.139s] Level 1:colcon.colcon_core.package_identification:_identify(src/serial_robot_control_arduino) by extension 'colcon_pkg'
[0.139s] Level 1:colcon.colcon_core.package_identification:_identify(src/serial_robot_control_arduino) by extensions ['colcon_meta']
[0.139s] Level 1:colcon.colcon_core.package_identification:_identify(src/serial_robot_control_arduino) by extension 'colcon_meta'
[0.139s] Level 1:colcon.colcon_core.package_identification:_identify(src/serial_robot_control_arduino) by extensions ['ros']
[0.139s] Level 1:colcon.colcon_core.package_identification:_identify(src/serial_robot_control_arduino) by extension 'ros'
[0.139s] Level 1:colcon.colcon_core.package_identification:_identify(src/serial_robot_control_arduino) by extensions ['cmake', 'python']
[0.139s] Level 1:colcon.colcon_core.package_identification:_identify(src/serial_robot_control_arduino) by extension 'cmake'
[0.139s] Level 1:colcon.colcon_core.package_identification:_identify(src/serial_robot_control_arduino) by extension 'python'
[0.139s] Level 1:colcon.colcon_core.package_identification:_identify(src/serial_robot_control_arduino) by extensions ['python_setup_py']
[0.139s] Level 1:colcon.colcon_core.package_identification:_identify(src/serial_robot_control_arduino) by extension 'python_setup_py'
[0.140s] Level 1:colcon.colcon_core.package_identification:_identify(src/simulation_pkg) by extensions ['ignore', 'ignore_ament_install']
[0.140s] Level 1:colcon.colcon_core.package_identification:_identify(src/simulation_pkg) by extension 'ignore'
[0.140s] Level 1:colcon.colcon_core.package_identification:_identify(src/simulation_pkg) by extension 'ignore_ament_install'
[0.140s] Level 1:colcon.colcon_core.package_identification:_identify(src/simulation_pkg) by extensions ['colcon_pkg']
[0.140s] Level 1:colcon.colcon_core.package_identification:_identify(src/simulation_pkg) by extension 'colcon_pkg'
[0.140s] Level 1:colcon.colcon_core.package_identification:_identify(src/simulation_pkg) by extensions ['colcon_meta']
[0.140s] Level 1:colcon.colcon_core.package_identification:_identify(src/simulation_pkg) by extension 'colcon_meta'
[0.140s] Level 1:colcon.colcon_core.package_identification:_identify(src/simulation_pkg) by extensions ['ros']
[0.140s] Level 1:colcon.colcon_core.package_identification:_identify(src/simulation_pkg) by extension 'ros'
[0.141s] DEBUG:colcon.colcon_core.package_identification:Package 'src/simulation_pkg' with type 'ros.ament_python' and name 'simulation_pkg'
[0.141s] Level 1:colcon.colcon_core.package_identification:_identify(src/slam_pkg) by extensions ['ignore', 'ignore_ament_install']
[0.141s] Level 1:colcon.colcon_core.package_identification:_identify(src/slam_pkg) by extension 'ignore'
[0.141s] Level 1:colcon.colcon_core.package_identification:_identify(src/slam_pkg) by extension 'ignore_ament_install'
[0.141s] Level 1:colcon.colcon_core.package_identification:_identify(src/slam_pkg) by extensions ['colcon_pkg']
[0.141s] Level 1:colcon.colcon_core.package_identification:_identify(src/slam_pkg) by extension 'colcon_pkg'
[0.141s] Level 1:colcon.colcon_core.package_identification:_identify(src/slam_pkg) by extensions ['colcon_meta']
[0.141s] Level 1:colcon.colcon_core.package_identification:_identify(src/slam_pkg) by extension 'colcon_meta'
[0.141s] Level 1:colcon.colcon_core.package_identification:_identify(src/slam_pkg) by extensions ['ros']
[0.141s] Level 1:colcon.colcon_core.package_identification:_identify(src/slam_pkg) by extension 'ros'
[0.142s] DEBUG:colcon.colcon_core.package_identification:Package 'src/slam_pkg' with type 'ros.ament_python' and name 'slam_pkg'
[0.142s] Level 1:colcon.colcon_core.package_identification:_identify(src/twist_stamper-main) by extensions ['ignore', 'ignore_ament_install']
[0.142s] Level 1:colcon.colcon_core.package_identification:_identify(src/twist_stamper-main) by extension 'ignore'
[0.142s] Level 1:colcon.colcon_core.package_identification:_identify(src/twist_stamper-main) by extension 'ignore_ament_install'
[0.142s] Level 1:colcon.colcon_core.package_identification:_identify(src/twist_stamper-main) by extensions ['colcon_pkg']
[0.142s] Level 1:colcon.colcon_core.package_identification:_identify(src/twist_stamper-main) by extension 'colcon_pkg'
[0.142s] Level 1:colcon.colcon_core.package_identification:_identify(src/twist_stamper-main) by extensions ['colcon_meta']
[0.142s] Level 1:colcon.colcon_core.package_identification:_identify(src/twist_stamper-main) by extension 'colcon_meta'
[0.142s] Level 1:colcon.colcon_core.package_identification:_identify(src/twist_stamper-main) by extensions ['ros']
[0.142s] Level 1:colcon.colcon_core.package_identification:_identify(src/twist_stamper-main) by extension 'ros'
[0.142s] DEBUG:colcon.colcon_core.package_identification:Package 'src/twist_stamper-main' with type 'ros.ament_python' and name 'twist_stamper'
[0.143s] Level 1:colcon.colcon_core.package_discovery:discover_packages(recursive) using defaults
[0.143s] Level 1:colcon.colcon_core.package_discovery:discover_packages(ignore) discover
[0.143s] Level 1:colcon.colcon_core.package_discovery:discover_packages(ignore) using defaults
[0.143s] Level 1:colcon.colcon_core.package_discovery:discover_packages(path) discover
[0.143s] Level 1:colcon.colcon_core.package_discovery:discover_packages(path) using defaults
[0.158s] Level 5:colcon.colcon_core.verb:set package 'nav_pkg' build argument 'cmake_args' from command line to 'None'
[0.158s] Level 5:colcon.colcon_core.verb:set package 'nav_pkg' build argument 'cmake_target' from command line to 'None'
[0.158s] Level 5:colcon.colcon_core.verb:set package 'nav_pkg' build argument 'cmake_target_skip_unavailable' from command line to 'False'
[0.158s] Level 5:colcon.colcon_core.verb:set package 'nav_pkg' build argument 'cmake_clean_cache' from command line to 'False'
[0.158s] Level 5:colcon.colcon_core.verb:set package 'nav_pkg' build argument 'cmake_clean_first' from command line to 'False'
[0.158s] Level 5:colcon.colcon_core.verb:set package 'nav_pkg' build argument 'cmake_force_configure' from command line to 'False'
[0.158s] Level 5:colcon.colcon_core.verb:set package 'nav_pkg' build argument 'ament_cmake_args' from command line to 'None'
[0.158s] Level 5:colcon.colcon_core.verb:set package 'nav_pkg' build argument 'catkin_cmake_args' from command line to 'None'
[0.158s] Level 5:colcon.colcon_core.verb:set package 'nav_pkg' build argument 'catkin_skip_building_tests' from command line to 'False'
[0.158s] DEBUG:colcon.colcon_core.verb:Building package 'nav_pkg' with the following arguments: {'ament_cmake_args': None, 'build_base': '/home/pranjal/robot_ws/argo-test/build/nav_pkg', 'catkin_cmake_args': None, 'catkin_skip_building_tests': False, 'cmake_args': None, 'cmake_clean_cache': False, 'cmake_clean_first': False, 'cmake_force_configure': False, 'cmake_target': None, 'cmake_target_skip_unavailable': False, 'install_base': '/home/pranjal/robot_ws/argo-test/install/nav_pkg', 'merge_install': False, 'path': '/home/pranjal/robot_ws/argo-test/src/nav_pkg', 'symlink_install': False, 'test_result_base': None}
[0.158s] Level 5:colcon.colcon_core.verb:set package 'robot_control_pkg' build argument 'cmake_args' from command line to 'None'
[0.158s] Level 5:colcon.colcon_core.verb:set package 'robot_control_pkg' build argument 'cmake_target' from command line to 'None'
[0.158s] Level 5:colcon.colcon_core.verb:set package 'robot_control_pkg' build argument 'cmake_target_skip_unavailable' from command line to 'False'
[0.158s] Level 5:colcon.colcon_core.verb:set package 'robot_control_pkg' build argument 'cmake_clean_cache' from command line to 'False'
[0.158s] Level 5:colcon.colcon_core.verb:set package 'robot_control_pkg' build argument 'cmake_clean_first' from command line to 'False'
[0.158s] Level 5:colcon.colcon_core.verb:set package 'robot_control_pkg' build argument 'cmake_force_configure' from command line to 'False'
[0.158s] Level 5:colcon.colcon_core.verb:set package 'robot_control_pkg' build argument 'ament_cmake_args' from command line to 'None'
[0.158s] Level 5:colcon.colcon_core.verb:set package 'robot_control_pkg' build argument 'catkin_cmake_args' from command line to 'None'
[0.158s] Level 5:colcon.colcon_core.verb:set package 'robot_control_pkg' build argument 'catkin_skip_building_tests' from command line to 'False'
[0.158s] DEBUG:colcon.colcon_core.verb:Building package 'robot_control_pkg' with the following arguments: {'ament_cmake_args': None, 'build_base': '/home/pranjal/robot_ws/argo-test/build/robot_control_pkg', 'catkin_cmake_args': None, 'catkin_skip_building_tests': False, 'cmake_args': None, 'cmake_clean_cache': False, 'cmake_clean_first': False, 'cmake_force_configure': False, 'cmake_target': None, 'cmake_target_skip_unavailable': False, 'install_base': '/home/pranjal/robot_ws/argo-test/install/robot_control_pkg', 'merge_install': False, 'path': '/home/pranjal/robot_ws/argo-test/src/robot_control_pkg', 'symlink_install': False, 'test_result_base': None}
[0.159s] Level 5:colcon.colcon_core.verb:set package 'rplidar_ros' build argument 'cmake_args' from command line to 'None'
[0.159s] Level 5:colcon.colcon_core.verb:set package 'rplidar_ros' build argument 'cmake_target' from command line to 'None'
[0.159s] Level 5:colcon.colcon_core.verb:set package 'rplidar_ros' build argument 'cmake_target_skip_unavailable' from command line to 'False'
[0.159s] Level 5:colcon.colcon_core.verb:set package 'rplidar_ros' build argument 'cmake_clean_cache' from command line to 'False'
[0.159s] Level 5:colcon.colcon_core.verb:set package 'rplidar_ros' build argument 'cmake_clean_first' from command line to 'False'
[0.159s] Level 5:colcon.colcon_core.verb:set package 'rplidar_ros' build argument 'cmake_force_configure' from command line to 'False'
[0.159s] Level 5:colcon.colcon_core.verb:set package 'rplidar_ros' build argument 'ament_cmake_args' from command line to 'None'
[0.159s] Level 5:colcon.colcon_core.verb:set package 'rplidar_ros' build argument 'catkin_cmake_args' from command line to 'None'
[0.159s] Level 5:colcon.colcon_core.verb:set package 'rplidar_ros' build argument 'catkin_skip_building_tests' from command line to 'False'
[0.159s] DEBUG:colcon.colcon_core.verb:Building package 'rplidar_ros' with the following arguments: {'ament_cmake_args': None, 'build_base': '/home/pranjal/robot_ws/argo-test/build/rplidar_ros', 'catkin_cmake_args': None, 'catkin_skip_building_tests': False, 'cmake_args': None, 'cmake_clean_cache': False, 'cmake_clean_first': False, 'cmake_force_configure': False, 'cmake_target': None, 'cmake_target_skip_unavailable': False, 'install_base': '/home/pranjal/robot_ws/argo-test/install/rplidar_ros', 'merge_install': False, 'path': '/home/pranjal/robot_ws/argo-test/src/rplidar_ros', 'symlink_install': False, 'test_result_base': None}
[0.159s] Level 5:colcon.colcon_core.verb:set package 'simulation_pkg' build argument 'cmake_args' from command line to 'None'
[0.159s] Level 5:colcon.colcon_core.verb:set package 'simulation_pkg' build argument 'cmake_target' from command line to 'None'
[0.159s] Level 5:colcon.colcon_core.verb:set package 'simulation_pkg' build argument 'cmake_target_skip_unavailable' from command line to 'False'
[0.159s] Level 5:colcon.colcon_core.verb:set package 'simulation_pkg' build argument 'cmake_clean_cache' from command line to 'False'
[0.159s] Level 5:colcon.colcon_core.verb:set package 'simulation_pkg' build argument 'cmake_clean_first' from command line to 'False'
[0.159s] Level 5:colcon.colcon_core.verb:set package 'simulation_pkg' build argument 'cmake_force_configure' from command line to 'False'
[0.159s] Level 5:colcon.colcon_core.verb:set package 'simulation_pkg' build argument 'ament_cmake_args' from command line to 'None'
[0.159s] Level 5:colcon.colcon_core.verb:set package 'simulation_pkg' build argument 'catkin_cmake_args' from command line to 'None'
[0.159s] Level 5:colcon.colcon_core.verb:set package 'simulation_pkg' build argument 'catkin_skip_building_tests' from command line to 'False'
[0.159s] DEBUG:colcon.colcon_core.verb:Building package 'simulation_pkg' with the following arguments: {'ament_cmake_args': None, 'build_base': '/home/pranjal/robot_ws/argo-test/build/simulation_pkg', 'catkin_cmake_args': None, 'catkin_skip_building_tests': False, 'cmake_args': None, 'cmake_clean_cache': False, 'cmake_clean_first': False, 'cmake_force_configure': False, 'cmake_target': None, 'cmake_target_skip_unavailable': False, 'install_base': '/home/pranjal/robot_ws/argo-test/install/simulation_pkg', 'merge_install': False, 'path': '/home/pranjal/robot_ws/argo-test/src/simulation_pkg', 'symlink_install': False, 'test_result_base': None}
[0.159s] Level 5:colcon.colcon_core.verb:set package 'slam_pkg' build argument 'cmake_args' from command line to 'None'
[0.159s] Level 5:colcon.colcon_core.verb:set package 'slam_pkg' build argument 'cmake_target' from command line to 'None'
[0.159s] Level 5:colcon.colcon_core.verb:set package 'slam_pkg' build argument 'cmake_target_skip_unavailable' from command line to 'False'
[0.159s] Level 5:colcon.colcon_core.verb:set package 'slam_pkg' build argument 'cmake_clean_cache' from command line to 'False'
[0.159s] Level 5:colcon.colcon_core.verb:set package 'slam_pkg' build argument 'cmake_clean_first' from command line to 'False'
[0.159s] Level 5:colcon.colcon_core.verb:set package 'slam_pkg' build argument 'cmake_force_configure' from command line to 'False'
[0.159s] Level 5:colcon.colcon_core.verb:set package 'slam_pkg' build argument 'ament_cmake_args' from command line to 'None'
[0.159s] Level 5:colcon.colcon_core.verb:set package 'slam_pkg' build argument 'catkin_cmake_args' from command line to 'None'
[0.159s] Level 5:colcon.colcon_core.verb:set package 'slam_pkg' build argument 'catkin_skip_building_tests' from command line to 'False'
[0.159s] DEBUG:colcon.colcon_core.verb:Building package 'slam_pkg' with the following arguments: {'ament_cmake_args': None, 'build_base': '/home/pranjal/robot_ws/argo-test/build/slam_pkg', 'catkin_cmake_args': None, 'catkin_skip_building_tests': False, 'cmake_args': None, 'cmake_clean_cache': False, 'cmake_clean_first': False, 'cmake_force_configure': False, 'cmake_target': None, 'cmake_target_skip_unavailable': False, 'install_base': '/home/pranjal/robot_ws/argo-test/install/slam_pkg', 'merge_install': False, 'path': '/home/pranjal/robot_ws/argo-test/src/slam_pkg', 'symlink_install': False, 'test_result_base': None}
[0.159s] Level 5:colcon.colcon_core.verb:set package 'twist_stamper' build argument 'cmake_args' from command line to 'None'
[0.160s] Level 5:colcon.colcon_core.verb:set package 'twist_stamper' build argument 'cmake_target' from command line to 'None'
[0.160s] Level 5:colcon.colcon_core.verb:set package 'twist_stamper' build argument 'cmake_target_skip_unavailable' from command line to 'False'
[0.160s] Level 5:colcon.colcon_core.verb:set package 'twist_stamper' build argument 'cmake_clean_cache' from command line to 'False'
[0.160s] Level 5:colcon.colcon_core.verb:set package 'twist_stamper' build argument 'cmake_clean_first' from command line to 'False'
[0.160s] Level 5:colcon.colcon_core.verb:set package 'twist_stamper' build argument 'cmake_force_configure' from command line to 'False'
[0.160s] Level 5:colcon.colcon_core.verb:set package 'twist_stamper' build argument 'ament_cmake_args' from command line to 'None'
[0.160s] Level 5:colcon.colcon_core.verb:set package 'twist_stamper' build argument 'catkin_cmake_args' from command line to 'None'
[0.160s] Level 5:colcon.colcon_core.verb:set package 'twist_stamper' build argument 'catkin_skip_building_tests' from command line to 'False'
[0.160s] DEBUG:colcon.colcon_core.verb:Building package 'twist_stamper' with the following arguments: {'ament_cmake_args': None, 'build_base': '/home/pranjal/robot_ws/argo-test/build/twist_stamper', 'catkin_cmake_args': None, 'catkin_skip_building_tests': False, 'cmake_args': None, 'cmake_clean_cache': False, 'cmake_clean_first': False, 'cmake_force_configure': False, 'cmake_target': None, 'cmake_target_skip_unavailable': False, 'install_base': '/home/pranjal/robot_ws/argo-test/install/twist_stamper', 'merge_install': False, 'path': '/home/pranjal/robot_ws/argo-test/src/twist_stamper-main', 'symlink_install': False, 'test_result_base': None}
[0.160s] INFO:colcon.colcon_core.executor:Executing jobs using 'parallel' executor
[0.160s] DEBUG:colcon.colcon_parallel_executor.executor.parallel:run_until_complete
[0.161s] INFO:colcon.colcon_ros.task.ament_python.build:Building ROS package in '/home/pranjal/robot_ws/argo-test/src/nav_pkg' with build type 'ament_python'
[0.161s] Level 1:colcon.colcon_core.shell:create_environment_hook('nav_pkg', 'ament_prefix_path')
[0.162s] INFO:colcon.colcon_core.plugin_system:Skipping extension 'colcon_core.shell.bat': Not used on non-Windows systems
[0.163s] INFO:colcon.colcon_core.shell:Creating environment descriptor '/home/pranjal/robot_ws/argo-test/install/nav_pkg/share/nav_pkg/hook/ament_prefix_path.dsv'
[0.163s] INFO:colcon.colcon_core.shell:Creating environment hook '/home/pranjal/robot_ws/argo-test/install/nav_pkg/share/nav_pkg/hook/ament_prefix_path.sh'
[0.164s] DEBUG:colcon.colcon_core.shell:Skip shell extension 'dsv' for command environment
[0.167s] INFO:colcon.colcon_ros.task.ament_cmake.build:Building ROS package in '/home/pranjal/robot_ws/argo-test/src/robot_control_pkg' with build type 'ament_cmake'
[0.167s] INFO:colcon.colcon_cmake.task.cmake.build:Building CMake package in '/home/pranjal/robot_ws/argo-test/src/robot_control_pkg'
[0.167s] DEBUG:colcon.colcon_core.shell:Skip shell extension 'dsv' for command environment
[0.170s] INFO:colcon.colcon_ros.task.ament_cmake.build:Building ROS package in '/home/pranjal/robot_ws/argo-test/src/rplidar_ros' with build type 'ament_cmake'
[0.170s] INFO:colcon.colcon_cmake.task.cmake.build:Building CMake package in '/home/pranjal/robot_ws/argo-test/src/rplidar_ros'
[0.171s] DEBUG:colcon.colcon_core.shell:Skip shell extension 'dsv' for command environment
[0.174s] INFO:colcon.colcon_ros.task.ament_python.build:Building ROS package in '/home/pranjal/robot_ws/argo-test/src/simulation_pkg' with build type 'ament_python'
[0.174s] Level 1:colcon.colcon_core.shell:create_environment_hook('simulation_pkg', 'ament_prefix_path')
[0.174s] INFO:colcon.colcon_core.shell:Creating environment descriptor '/home/pranjal/robot_ws/argo-test/install/simulation_pkg/share/simulation_pkg/hook/ament_prefix_path.dsv'
[0.175s] INFO:colcon.colcon_core.shell:Creating environment hook '/home/pranjal/robot_ws/argo-test/install/simulation_pkg/share/simulation_pkg/hook/ament_prefix_path.sh'
[0.175s] DEBUG:colcon.colcon_core.shell:Skip shell extension 'dsv' for command environment
[0.178s] INFO:colcon.colcon_ros.task.ament_python.build:Building ROS package in '/home/pranjal/robot_ws/argo-test/src/slam_pkg' with build type 'ament_python'
[0.178s] Level 1:colcon.colcon_core.shell:create_environment_hook('slam_pkg', 'ament_prefix_path')
[0.179s] INFO:colcon.colcon_core.shell:Creating environment descriptor '/home/pranjal/robot_ws/argo-test/install/slam_pkg/share/slam_pkg/hook/ament_prefix_path.dsv'
[0.179s] INFO:colcon.colcon_core.shell:Creating environment hook '/home/pranjal/robot_ws/argo-test/install/slam_pkg/share/slam_pkg/hook/ament_prefix_path.sh'
[0.180s] DEBUG:colcon.colcon_core.shell:Skip shell extension 'dsv' for command environment
[0.182s] INFO:colcon.colcon_ros.task.ament_python.build:Building ROS package in '/home/pranjal/robot_ws/argo-test/src/twist_stamper-main' with build type 'ament_python'
[0.183s] Level 1:colcon.colcon_core.shell:create_environment_hook('twist_stamper', 'ament_prefix_path')
[0.183s] INFO:colcon.colcon_core.shell:Creating environment descriptor '/home/pranjal/robot_ws/argo-test/install/twist_stamper/share/twist_stamper/hook/ament_prefix_path.dsv'
[0.184s] INFO:colcon.colcon_core.shell:Creating environment hook '/home/pranjal/robot_ws/argo-test/install/twist_stamper/share/twist_stamper/hook/ament_prefix_path.sh'
[0.184s] DEBUG:colcon.colcon_core.shell:Skip shell extension 'dsv' for command environment
[0.369s] INFO:colcon.colcon_core.task.python.build:Building Python package in '/home/pranjal/robot_ws/argo-test/src/nav_pkg'
[0.369s] DEBUG:colcon.colcon_core.shell:Skip shell extension 'dsv' for command environment
[0.375s] DEBUG:colcon.colcon_core.event_handler.log_command:Invoking command in '/home/pranjal/robot_ws/argo-test/build/robot_control_pkg': CMAKE_PREFIX_PATH=${CMAKE_PREFIX_PATH}:/opt/ros/jazzy DEBUGINFOD_URLS=https://debuginfod.ubuntu.com /usr/bin/cmake /home/pranjal/robot_ws/argo-test/src/robot_control_pkg -DCMAKE_INSTALL_PREFIX=/home/pranjal/robot_ws/argo-test/install/robot_control_pkg
[0.376s] DEBUG:colcon.colcon_core.event_handler.log_command:Invoking command in '/home/pranjal/robot_ws/argo-test/build/rplidar_ros': CMAKE_PREFIX_PATH=${CMAKE_PREFIX_PATH}:/opt/ros/jazzy DEBUGINFOD_URLS=https://debuginfod.ubuntu.com /usr/bin/cmake /home/pranjal/robot_ws/argo-test/src/rplidar_ros -DCMAKE_INSTALL_PREFIX=/home/pranjal/robot_ws/argo-test/install/rplidar_ros
[0.578s] INFO:colcon.colcon_core.task.python.build:Building Python package in '/home/pranjal/robot_ws/argo-test/src/simulation_pkg'
[0.578s] DEBUG:colcon.colcon_core.shell:Skip shell extension 'dsv' for command environment
[0.800s] INFO:colcon.colcon_core.task.python.build:Building Python package in '/home/pranjal/robot_ws/argo-test/src/slam_pkg'
[0.801s] DEBUG:colcon.colcon_core.shell:Skip shell extension 'dsv' for command environment
[1.056s] INFO:colcon.colcon_core.task.python.build:Building Python package in '/home/pranjal/robot_ws/argo-test/src/twist_stamper-main'
[1.056s] DEBUG:colcon.colcon_core.shell:Skip shell extension 'dsv' for command environment
[1.788s] DEBUG:colcon.colcon_core.event_handler.log_command:Invoking command in '/home/pranjal/robot_ws/argo-test/src/nav_pkg': DEBUGINFOD_URLS=https://debuginfod.ubuntu.com PYTHONPATH=/home/pranjal/robot_ws/argo-test/build/nav_pkg/prefix_override:/usr/lib/python3/dist-packages/colcon_core/task/python/colcon_distutils_commands:/home/pranjal/robot_ws/argo-test/install/nav_pkg/lib/python3.12/site-packages:${PYTHONPATH} /usr/bin/python3 -W ignore:setup.py install is deprecated -W ignore:easy_install command is deprecated setup.py egg_info --egg-base ../../build/nav_pkg build --build-base /home/pranjal/robot_ws/argo-test/build/nav_pkg/build install --record /home/pranjal/robot_ws/argo-test/build/nav_pkg/install.log --single-version-externally-managed install_data
[1.825s] DEBUG:colcon.colcon_core.event_handler.log_command:Invoking command in '/home/pranjal/robot_ws/argo-test/src/slam_pkg': DEBUGINFOD_URLS=https://debuginfod.ubuntu.com PYTHONPATH=/home/pranjal/robot_ws/argo-test/build/slam_pkg/prefix_override:/usr/lib/python3/dist-packages/colcon_core/task/python/colcon_distutils_commands:/home/pranjal/robot_ws/argo-test/install/slam_pkg/lib/python3.12/site-packages:${PYTHONPATH} /usr/bin/python3 -W ignore:setup.py install is deprecated -W ignore:easy_install command is deprecated setup.py egg_info --egg-base ../../build/slam_pkg build --build-base /home/pranjal/robot_ws/argo-test/build/slam_pkg/build install --record /home/pranjal/robot_ws/argo-test/build/slam_pkg/install.log --single-version-externally-managed install_data
[1.934s] DEBUG:colcon.colcon_core.event_handler.log_command:Invoking command in '/home/pranjal/robot_ws/argo-test/src/twist_stamper-main': DEBUGINFOD_URLS=https://debuginfod.ubuntu.com PYTHONPATH=/home/pranjal/robot_ws/argo-test/build/twist_stamper/prefix_override:/usr/lib/python3/dist-packages/colcon_core/task/python/colcon_distutils_commands:/home/pranjal/robot_ws/argo-test/install/twist_stamper/lib/python3.12/site-packages:${PYTHONPATH} /usr/bin/python3 -W ignore:setup.py install is deprecated -W ignore:easy_install command is deprecated setup.py egg_info --egg-base ../../build/twist_stamper build --build-base /home/pranjal/robot_ws/argo-test/build/twist_stamper/build install --record /home/pranjal/robot_ws/argo-test/build/twist_stamper/install.log --single-version-externally-managed install_data
[1.979s] DEBUG:colcon.colcon_core.event_handler.log_command:Invoking command in '/home/pranjal/robot_ws/argo-test/src/simulation_pkg': DEBUGINFOD_URLS=https://debuginfod.ubuntu.com PYTHONPATH=/home/pranjal/robot_ws/argo-test/build/simulation_pkg/prefix_override:/usr/lib/python3/dist-packages/colcon_core/task/python/colcon_distutils_commands:/home/pranjal/robot_ws/argo-test/install/simulation_pkg/lib/python3.12/site-packages:${PYTHONPATH} /usr/bin/python3 -W ignore:setup.py install is deprecated -W ignore:easy_install command is deprecated setup.py egg_info --egg-base ../../build/simulation_pkg build --build-base /home/pranjal/robot_ws/argo-test/build/simulation_pkg/build install --record /home/pranjal/robot_ws/argo-test/build/simulation_pkg/install.log --single-version-externally-managed install_data
[1.996s] DEBUG:colcon.colcon_core.event_handler.log_command:Invoked command in '/home/pranjal/robot_ws/argo-test/build/rplidar_ros' returned '0': CMAKE_PREFIX_PATH=${CMAKE_PREFIX_PATH}:/opt/ros/jazzy DEBUGINFOD_URLS=https://debuginfod.ubuntu.com /usr/bin/cmake /home/pranjal/robot_ws/argo-test/src/rplidar_ros -DCMAKE_INSTALL_PREFIX=/home/pranjal/robot_ws/argo-test/install/rplidar_ros
[1.997s] DEBUG:colcon.colcon_core.event_handler.log_command:Invoking command in '/home/pranjal/robot_ws/argo-test/build/rplidar_ros': CMAKE_PREFIX_PATH=${CMAKE_PREFIX_PATH}:/opt/ros/jazzy DEBUGINFOD_URLS=https://debuginfod.ubuntu.com /usr/bin/cmake --build /home/pranjal/robot_ws/argo-test/build/rplidar_ros -- -j12 -l12
[2.566s] DEBUG:colcon.colcon_core.event_handler.log_command:Invoked command in '/home/pranjal/robot_ws/argo-test/build/robot_control_pkg' returned '0': CMAKE_PREFIX_PATH=${CMAKE_PREFIX_PATH}:/opt/ros/jazzy DEBUGINFOD_URLS=https://debuginfod.ubuntu.com /usr/bin/cmake /home/pranjal/robot_ws/argo-test/src/robot_control_pkg -DCMAKE_INSTALL_PREFIX=/home/pranjal/robot_ws/argo-test/install/robot_control_pkg
[2.569s] DEBUG:colcon.colcon_core.event_handler.log_command:Invoking command in '/home/pranjal/robot_ws/argo-test/build/robot_control_pkg': CMAKE_PREFIX_PATH=${CMAKE_PREFIX_PATH}:/opt/ros/jazzy DEBUGINFOD_URLS=https://debuginfod.ubuntu.com /usr/bin/cmake --build /home/pranjal/robot_ws/argo-test/build/robot_control_pkg -- -j12 -l12
[2.911s] Level 1:colcon.colcon_core.environment:checking '/home/pranjal/robot_ws/argo-test/install/slam_pkg' for CMake module files
[2.916s] Level 1:colcon.colcon_core.environment:checking '/home/pranjal/robot_ws/argo-test/install/slam_pkg' for CMake config files
[2.917s] Level 1:colcon.colcon_core.environment:checking '/home/pranjal/robot_ws/argo-test/install/slam_pkg/lib'
[2.918s] Level 1:colcon.colcon_core.environment:checking '/home/pranjal/robot_ws/argo-test/install/slam_pkg/bin'
[2.918s] Level 1:colcon.colcon_core.environment:checking '/home/pranjal/robot_ws/argo-test/install/slam_pkg/lib/pkgconfig/slam_pkg.pc'
[2.918s] Level 1:colcon.colcon_core.environment:checking '/home/pranjal/robot_ws/argo-test/install/slam_pkg/lib/python3.12/site-packages'
[2.918s] Level 1:colcon.colcon_core.shell:create_environment_hook('slam_pkg', 'pythonpath')
[2.919s] INFO:colcon.colcon_core.shell:Creating environment descriptor '/home/pranjal/robot_ws/argo-test/install/slam_pkg/share/slam_pkg/hook/pythonpath.dsv'
[2.922s] DEBUG:colcon.colcon_core.event_handler.log_command:Invoked command in '/home/pranjal/robot_ws/argo-test/src/slam_pkg' returned '0': DEBUGINFOD_URLS=https://debuginfod.ubuntu.com PYTHONPATH=/home/pranjal/robot_ws/argo-test/build/slam_pkg/prefix_override:/usr/lib/python3/dist-packages/colcon_core/task/python/colcon_distutils_commands:/home/pranjal/robot_ws/argo-test/install/slam_pkg/lib/python3.12/site-packages:${PYTHONPATH} /usr/bin/python3 -W ignore:setup.py install is deprecated -W ignore:easy_install command is deprecated setup.py egg_info --egg-base ../../build/slam_pkg build --build-base /home/pranjal/robot_ws/argo-test/build/slam_pkg/build install --record /home/pranjal/robot_ws/argo-test/build/slam_pkg/install.log --single-version-externally-managed install_data
[2.923s] INFO:colcon.colcon_core.shell:Creating environment hook '/home/pranjal/robot_ws/argo-test/install/slam_pkg/share/slam_pkg/hook/pythonpath.sh'
[2.924s] Level 1:colcon.colcon_core.environment:checking '/home/pranjal/robot_ws/argo-test/install/slam_pkg/bin'
[2.924s] Level 1:colcon.colcon_core.environment:create_environment_scripts_only(slam_pkg)
[2.925s] INFO:colcon.colcon_core.shell:Creating package descriptor '/home/pranjal/robot_ws/argo-test/install/slam_pkg/share/slam_pkg/package.dsv'
[2.930s] INFO:colcon.colcon_core.shell:Creating package script '/home/pranjal/robot_ws/argo-test/install/slam_pkg/share/slam_pkg/package.sh'
[2.931s] INFO:colcon.colcon_core.shell:Creating package script '/home/pranjal/robot_ws/argo-test/install/slam_pkg/share/slam_pkg/package.bash'
[2.934s] INFO:colcon.colcon_core.shell:Creating package script '/home/pranjal/robot_ws/argo-test/install/slam_pkg/share/slam_pkg/package.zsh'
[2.935s] Level 1:colcon.colcon_core.environment:create_file_with_runtime_dependencies(/home/pranjal/robot_ws/argo-test/install/slam_pkg/share/colcon-core/packages/slam_pkg)
[3.485s] Level 1:colcon.colcon_core.environment:checking '/home/pranjal/robot_ws/argo-test/install/nav_pkg' for CMake module files
[3.486s] Level 1:colcon.colcon_core.environment:checking '/home/pranjal/robot_ws/argo-test/install/nav_pkg' for CMake config files
[3.487s] Level 1:colcon.colcon_core.environment:checking '/home/pranjal/robot_ws/argo-test/install/nav_pkg/lib'
[3.487s] Level 1:colcon.colcon_core.environment:checking '/home/pranjal/robot_ws/argo-test/install/nav_pkg/bin'
[3.487s] Level 1:colcon.colcon_core.environment:checking '/home/pranjal/robot_ws/argo-test/install/nav_pkg/lib/pkgconfig/nav_pkg.pc'
[3.488s] Level 1:colcon.colcon_core.environment:checking '/home/pranjal/robot_ws/argo-test/install/nav_pkg/lib/python3.12/site-packages'
[3.488s] Level 1:colcon.colcon_core.shell:create_environment_hook('nav_pkg', 'pythonpath')
[3.488s] INFO:colcon.colcon_core.shell:Creating environment descriptor '/home/pranjal/robot_ws/argo-test/install/nav_pkg/share/nav_pkg/hook/pythonpath.dsv'
[3.492s] DEBUG:colcon.colcon_core.event_handler.log_command:Invoked command in '/home/pranjal/robot_ws/argo-test/src/nav_pkg' returned '0': DEBUGINFOD_URLS=https://debuginfod.ubuntu.com PYTHONPATH=/home/pranjal/robot_ws/argo-test/build/nav_pkg/prefix_override:/usr/lib/python3/dist-packages/colcon_core/task/python/colcon_distutils_commands:/home/pranjal/robot_ws/argo-test/install/nav_pkg/lib/python3.12/site-packages:${PYTHONPATH} /usr/bin/python3 -W ignore:setup.py install is deprecated -W ignore:easy_install command is deprecated setup.py egg_info --egg-base ../../build/nav_pkg build --build-base /home/pranjal/robot_ws/argo-test/build/nav_pkg/build install --record /home/pranjal/robot_ws/argo-test/build/nav_pkg/install.log --single-version-externally-managed install_data
[3.493s] INFO:colcon.colcon_core.shell:Creating environment hook '/home/pranjal/robot_ws/argo-test/install/nav_pkg/share/nav_pkg/hook/pythonpath.sh'
[3.494s] Level 1:colcon.colcon_core.environment:checking '/home/pranjal/robot_ws/argo-test/install/nav_pkg/bin'
[3.494s] Level 1:colcon.colcon_core.environment:create_environment_scripts_only(nav_pkg)
[3.494s] INFO:colcon.colcon_core.shell:Creating package descriptor '/home/pranjal/robot_ws/argo-test/install/nav_pkg/share/nav_pkg/package.dsv'
[3.495s] INFO:colcon.colcon_core.shell:Creating package script '/home/pranjal/robot_ws/argo-test/install/nav_pkg/share/nav_pkg/package.sh'
[3.505s] INFO:colcon.colcon_core.shell:Creating package script '/home/pranjal/robot_ws/argo-test/install/nav_pkg/share/nav_pkg/package.bash'
[3.506s] INFO:colcon.colcon_core.shell:Creating package script '/home/pranjal/robot_ws/argo-test/install/nav_pkg/share/nav_pkg/package.zsh'
[3.506s] Level 1:colcon.colcon_core.environment:create_file_with_runtime_dependencies(/home/pranjal/robot_ws/argo-test/install/nav_pkg/share/colcon-core/packages/nav_pkg)
[3.845s] Level 1:colcon.colcon_core.environment:checking '/home/pranjal/robot_ws/argo-test/install/twist_stamper' for CMake module files
[3.846s] Level 1:colcon.colcon_core.environment:checking '/home/pranjal/robot_ws/argo-test/install/twist_stamper' for CMake config files
[3.847s] DEBUG:colcon.colcon_core.event_handler.log_command:Invoked command in '/home/pranjal/robot_ws/argo-test/src/twist_stamper-main' returned '0': DEBUGINFOD_URLS=https://debuginfod.ubuntu.com PYTHONPATH=/home/pranjal/robot_ws/argo-test/build/twist_stamper/prefix_override:/usr/lib/python3/dist-packages/colcon_core/task/python/colcon_distutils_commands:/home/pranjal/robot_ws/argo-test/install/twist_stamper/lib/python3.12/site-packages:${PYTHONPATH} /usr/bin/python3 -W ignore:setup.py install is deprecated -W ignore:easy_install command is deprecated setup.py egg_info --egg-base ../../build/twist_stamper build --build-base /home/pranjal/robot_ws/argo-test/build/twist_stamper/build install --record /home/pranjal/robot_ws/argo-test/build/twist_stamper/install.log --single-version-externally-managed install_data
[3.848s] Level 1:colcon.colcon_core.environment:checking '/home/pranjal/robot_ws/argo-test/install/twist_stamper/lib'
[3.848s] Level 1:colcon.colcon_core.environment:checking '/home/pranjal/robot_ws/argo-test/install/twist_stamper/bin'
[3.848s] Level 1:colcon.colcon_core.environment:checking '/home/pranjal/robot_ws/argo-test/install/twist_stamper/lib/pkgconfig/twist_stamper.pc'
[3.849s] Level 1:colcon.colcon_core.environment:checking '/home/pranjal/robot_ws/argo-test/install/twist_stamper/lib/python3.12/site-packages'
[3.849s] Level 1:colcon.colcon_core.shell:create_environment_hook('twist_stamper', 'pythonpath')
[3.849s] INFO:colcon.colcon_core.shell:Creating environment descriptor '/home/pranjal/robot_ws/argo-test/install/twist_stamper/share/twist_stamper/hook/pythonpath.dsv'
[3.850s] INFO:colcon.colcon_core.shell:Creating environment hook '/home/pranjal/robot_ws/argo-test/install/twist_stamper/share/twist_stamper/hook/pythonpath.sh'
[3.854s] Level 1:colcon.colcon_core.environment:checking '/home/pranjal/robot_ws/argo-test/install/twist_stamper/bin'
[3.854s] Level 1:colcon.colcon_core.environment:create_environment_scripts_only(twist_stamper)
[3.855s] INFO:colcon.colcon_core.shell:Creating package descriptor '/home/pranjal/robot_ws/argo-test/install/twist_stamper/share/twist_stamper/package.dsv'
[3.856s] INFO:colcon.colcon_core.shell:Creating package script '/home/pranjal/robot_ws/argo-test/install/twist_stamper/share/twist_stamper/package.sh'
[3.856s] INFO:colcon.colcon_core.shell:Creating package script '/home/pranjal/robot_ws/argo-test/install/twist_stamper/share/twist_stamper/package.bash'
[3.857s] INFO:colcon.colcon_core.shell:Creating package script '/home/pranjal/robot_ws/argo-test/install/twist_stamper/share/twist_stamper/package.zsh'
[3.857s] Level 1:colcon.colcon_core.environment:create_file_with_runtime_dependencies(/home/pranjal/robot_ws/argo-test/install/twist_stamper/share/colcon-core/packages/twist_stamper)
[3.861s] Level 1:colcon.colcon_core.environment:checking '/home/pranjal/robot_ws/argo-test/install/simulation_pkg' for CMake module files
[3.862s] Level 1:colcon.colcon_core.environment:checking '/home/pranjal/robot_ws/argo-test/install/simulation_pkg' for CMake config files
[3.867s] DEBUG:colcon.colcon_core.event_handler.log_command:Invoked command in '/home/pranjal/robot_ws/argo-test/src/simulation_pkg' returned '0': DEBUGINFOD_URLS=https://debuginfod.ubuntu.com PYTHONPATH=/home/pranjal/robot_ws/argo-test/build/simulation_pkg/prefix_override:/usr/lib/python3/dist-packages/colcon_core/task/python/colcon_distutils_commands:/home/pranjal/robot_ws/argo-test/install/simulation_pkg/lib/python3.12/site-packages:${PYTHONPATH} /usr/bin/python3 -W ignore:setup.py install is deprecated -W ignore:easy_install command is deprecated setup.py egg_info --egg-base ../../build/simulation_pkg build --build-base /home/pranjal/robot_ws/argo-test/build/simulation_pkg/build install --record /home/pranjal/robot_ws/argo-test/build/simulation_pkg/install.log --single-version-externally-managed install_data
[3.867s] Level 1:colcon.colcon_core.environment:checking '/home/pranjal/robot_ws/argo-test/install/simulation_pkg/lib'
[3.867s] Level 1:colcon.colcon_core.environment:checking '/home/pranjal/robot_ws/argo-test/install/simulation_pkg/bin'
[3.867s] Level 1:colcon.colcon_core.environment:checking '/home/pranjal/robot_ws/argo-test/install/simulation_pkg/lib/pkgconfig/simulation_pkg.pc'
[3.868s] Level 1:colcon.colcon_core.environment:checking '/home/pranjal/robot_ws/argo-test/install/simulation_pkg/lib/python3.12/site-packages'
[3.868s] Level 1:colcon.colcon_core.shell:create_environment_hook('simulation_pkg', 'pythonpath')
[3.868s] INFO:colcon.colcon_core.shell:Creating environment descriptor '/home/pranjal/robot_ws/argo-test/install/simulation_pkg/share/simulation_pkg/hook/pythonpath.dsv'
[3.869s] INFO:colcon.colcon_core.shell:Creating environment hook '/home/pranjal/robot_ws/argo-test/install/simulation_pkg/share/simulation_pkg/hook/pythonpath.sh'
[3.870s] Level 1:colcon.colcon_core.environment:checking '/home/pranjal/robot_ws/argo-test/install/simulation_pkg/bin'
[3.870s] Level 1:colcon.colcon_core.environment:create_environment_scripts_only(simulation_pkg)
[3.871s] INFO:colcon.colcon_core.shell:Creating package descriptor '/home/pranjal/robot_ws/argo-test/install/simulation_pkg/share/simulation_pkg/package.dsv'
[3.871s] INFO:colcon.colcon_core.shell:Creating package script '/home/pranjal/robot_ws/argo-test/install/simulation_pkg/share/simulation_pkg/package.sh'
[3.872s] INFO:colcon.colcon_core.shell:Creating package script '/home/pranjal/robot_ws/argo-test/install/simulation_pkg/share/simulation_pkg/package.bash'
[3.873s] INFO:colcon.colcon_core.shell:Creating package script '/home/pranjal/robot_ws/argo-test/install/simulation_pkg/share/simulation_pkg/package.zsh'
[3.874s] Level 1:colcon.colcon_core.environment:create_file_with_runtime_dependencies(/home/pranjal/robot_ws/argo-test/install/simulation_pkg/share/colcon-core/packages/simulation_pkg)
[10.722s] DEBUG:colcon.colcon_core.event_handler.log_command:Invoked command in '/home/pranjal/robot_ws/argo-test/build/robot_control_pkg' returned '0': CMAKE_PREFIX_PATH=${CMAKE_PREFIX_PATH}:/opt/ros/jazzy DEBUGINFOD_URLS=https://debuginfod.ubuntu.com /usr/bin/cmake --build /home/pranjal/robot_ws/argo-test/build/robot_control_pkg -- -j12 -l12
[10.734s] DEBUG:colcon.colcon_core.event_handler.log_command:Invoking command in '/home/pranjal/robot_ws/argo-test/build/robot_control_pkg': CMAKE_PREFIX_PATH=${CMAKE_PREFIX_PATH}:/opt/ros/jazzy DEBUGINFOD_URLS=https://debuginfod.ubuntu.com /usr/bin/cmake --install /home/pranjal/robot_ws/argo-test/build/robot_control_pkg
[10.760s] Level 1:colcon.colcon_core.environment:create_environment_scripts_only(robot_control_pkg)
[10.760s] Level 1:colcon.colcon_core.environment:checking '/home/pranjal/robot_ws/argo-test/install/robot_control_pkg' for CMake module files
[10.761s] DEBUG:colcon.colcon_core.event_handler.log_command:Invoked command in '/home/pranjal/robot_ws/argo-test/build/robot_control_pkg' returned '0': CMAKE_PREFIX_PATH=${CMAKE_PREFIX_PATH}:/opt/ros/jazzy DEBUGINFOD_URLS=https://debuginfod.ubuntu.com /usr/bin/cmake --install /home/pranjal/robot_ws/argo-test/build/robot_control_pkg
[10.761s] Level 1:colcon.colcon_core.environment:checking '/home/pranjal/robot_ws/argo-test/install/robot_control_pkg' for CMake config files
[10.761s] Level 1:colcon.colcon_core.shell:create_environment_hook('robot_control_pkg', 'cmake_prefix_path')
[10.761s] INFO:colcon.colcon_core.shell:Creating environment descriptor '/home/pranjal/robot_ws/argo-test/install/robot_control_pkg/share/robot_control_pkg/hook/cmake_prefix_path.dsv'
[10.762s] INFO:colcon.colcon_core.shell:Creating environment hook '/home/pranjal/robot_ws/argo-test/install/robot_control_pkg/share/robot_control_pkg/hook/cmake_prefix_path.sh'
[10.762s] Level 1:colcon.colcon_core.environment:checking '/home/pranjal/robot_ws/argo-test/install/robot_control_pkg/lib'
[10.762s] Level 1:colcon.colcon_core.shell:create_environment_hook('robot_control_pkg', 'ld_library_path_lib')
[10.762s] INFO:colcon.colcon_core.shell:Creating environment descriptor '/home/pranjal/robot_ws/argo-test/install/robot_control_pkg/share/robot_control_pkg/hook/ld_library_path_lib.dsv'
[10.763s] INFO:colcon.colcon_core.shell:Creating environment hook '/home/pranjal/robot_ws/argo-test/install/robot_control_pkg/share/robot_control_pkg/hook/ld_library_path_lib.sh'
[10.763s] Level 1:colcon.colcon_core.environment:checking '/home/pranjal/robot_ws/argo-test/install/robot_control_pkg/bin'
[10.763s] Level 1:colcon.colcon_core.environment:checking '/home/pranjal/robot_ws/argo-test/install/robot_control_pkg/lib/pkgconfig/robot_control_pkg.pc'
[10.763s] Level 1:colcon.colcon_core.environment:checking '/home/pranjal/robot_ws/argo-test/install/robot_control_pkg/lib/python3.12/site-packages'
[10.764s] Level 1:colcon.colcon_core.environment:checking '/home/pranjal/robot_ws/argo-test/install/robot_control_pkg/bin'
[10.764s] INFO:colcon.colcon_core.shell:Creating package descriptor '/home/pranjal/robot_ws/argo-test/install/robot_control_pkg/share/robot_control_pkg/package.dsv'
[10.765s] INFO:colcon.colcon_core.shell:Creating package script '/home/pranjal/robot_ws/argo-test/install/robot_control_pkg/share/robot_control_pkg/package.sh'
[10.766s] INFO:colcon.colcon_core.shell:Creating package script '/home/pranjal/robot_ws/argo-test/install/robot_control_pkg/share/robot_control_pkg/package.bash'
[10.766s] INFO:colcon.colcon_core.shell:Creating package script '/home/pranjal/robot_ws/argo-test/install/robot_control_pkg/share/robot_control_pkg/package.zsh'
[10.766s] Level 1:colcon.colcon_core.environment:create_file_with_runtime_dependencies(/home/pranjal/robot_ws/argo-test/install/robot_control_pkg/share/colcon-core/packages/robot_control_pkg)
[10.767s] Level 1:colcon.colcon_core.environment:create_environment_scripts_only(robot_control_pkg)
[10.767s] Level 1:colcon.colcon_core.environment:checking '/home/pranjal/robot_ws/argo-test/install/robot_control_pkg' for CMake module files
[10.768s] Level 1:colcon.colcon_core.environment:checking '/home/pranjal/robot_ws/argo-test/install/robot_control_pkg' for CMake config files
[10.768s] Level 1:colcon.colcon_core.shell:create_environment_hook('robot_control_pkg', 'cmake_prefix_path')
[10.768s] INFO:colcon.colcon_core.shell:Creating environment descriptor '/home/pranjal/robot_ws/argo-test/install/robot_control_pkg/share/robot_control_pkg/hook/cmake_prefix_path.dsv'
[10.768s] INFO:colcon.colcon_core.shell:Creating environment hook '/home/pranjal/robot_ws/argo-test/install/robot_control_pkg/share/robot_control_pkg/hook/cmake_prefix_path.sh'
[10.769s] Level 1:colcon.colcon_core.environment:checking '/home/pranjal/robot_ws/argo-test/install/robot_control_pkg/lib'
[10.769s] Level 1:colcon.colcon_core.shell:create_environment_hook('robot_control_pkg', 'ld_library_path_lib')
[10.769s] INFO:colcon.colcon_core.shell:Creating environment descriptor '/home/pranjal/robot_ws/argo-test/install/robot_control_pkg/share/robot_control_pkg/hook/ld_library_path_lib.dsv'
[10.769s] INFO:colcon.colcon_core.shell:Creating environment hook '/home/pranjal/robot_ws/argo-test/install/robot_control_pkg/share/robot_control_pkg/hook/ld_library_path_lib.sh'
[10.770s] Level 1:colcon.colcon_core.environment:checking '/home/pranjal/robot_ws/argo-test/install/robot_control_pkg/bin'
[10.770s] Level 1:colcon.colcon_core.environment:checking '/home/pranjal/robot_ws/argo-test/install/robot_control_pkg/lib/pkgconfig/robot_control_pkg.pc'
[10.770s] Level 1:colcon.colcon_core.environment:checking '/home/pranjal/robot_ws/argo-test/install/robot_control_pkg/lib/python3.12/site-packages'
[10.770s] Level 1:colcon.colcon_core.environment:checking '/home/pranjal/robot_ws/argo-test/install/robot_control_pkg/bin'
[10.771s] INFO:colcon.colcon_core.shell:Creating package descriptor '/home/pranjal/robot_ws/argo-test/install/robot_control_pkg/share/robot_control_pkg/package.dsv'
[10.772s] INFO:colcon.colcon_core.shell:Creating package script '/home/pranjal/robot_ws/argo-test/install/robot_control_pkg/share/robot_control_pkg/package.sh'
[10.772s] INFO:colcon.colcon_core.shell:Creating package script '/home/pranjal/robot_ws/argo-test/install/robot_control_pkg/share/robot_control_pkg/package.bash'
[10.773s] INFO:colcon.colcon_core.shell:Creating package script '/home/pranjal/robot_ws/argo-test/install/robot_control_pkg/share/robot_control_pkg/package.zsh'
[10.773s] Level 1:colcon.colcon_core.environment:create_file_with_runtime_dependencies(/home/pranjal/robot_ws/argo-test/install/robot_control_pkg/share/colcon-core/packages/robot_control_pkg)
[13.452s] DEBUG:colcon.colcon_core.event_handler.log_command:Invoked command in '/home/pranjal/robot_ws/argo-test/build/rplidar_ros' returned '0': CMAKE_PREFIX_PATH=${CMAKE_PREFIX_PATH}:/opt/ros/jazzy DEBUGINFOD_URLS=https://debuginfod.ubuntu.com /usr/bin/cmake --build /home/pranjal/robot_ws/argo-test/build/rplidar_ros -- -j12 -l12
[13.453s] DEBUG:colcon.colcon_core.event_handler.log_command:Invoking command in '/home/pranjal/robot_ws/argo-test/build/rplidar_ros': CMAKE_PREFIX_PATH=${CMAKE_PREFIX_PATH}:/opt/ros/jazzy DEBUGINFOD_URLS=https://debuginfod.ubuntu.com /usr/bin/cmake --install /home/pranjal/robot_ws/argo-test/build/rplidar_ros
[13.469s] Level 1:colcon.colcon_core.environment:create_environment_scripts_only(rplidar_ros)
[13.469s] Level 1:colcon.colcon_core.environment:checking '/home/pranjal/robot_ws/argo-test/install/rplidar_ros' for CMake module files
[13.469s] DEBUG:colcon.colcon_core.event_handler.log_command:Invoked command in '/home/pranjal/robot_ws/argo-test/build/rplidar_ros' returned '0': CMAKE_PREFIX_PATH=${CMAKE_PREFIX_PATH}:/opt/ros/jazzy DEBUGINFOD_URLS=https://debuginfod.ubuntu.com /usr/bin/cmake --install /home/pranjal/robot_ws/argo-test/build/rplidar_ros
[13.469s] Level 1:colcon.colcon_core.environment:checking '/home/pranjal/robot_ws/argo-test/install/rplidar_ros' for CMake config files
[13.470s] Level 1:colcon.colcon_core.shell:create_environment_hook('rplidar_ros', 'cmake_prefix_path')
[13.470s] INFO:colcon.colcon_core.shell:Creating environment descriptor '/home/pranjal/robot_ws/argo-test/install/rplidar_ros/share/rplidar_ros/hook/cmake_prefix_path.dsv'
[13.470s] INFO:colcon.colcon_core.shell:Creating environment hook '/home/pranjal/robot_ws/argo-test/install/rplidar_ros/share/rplidar_ros/hook/cmake_prefix_path.sh'
[13.470s] Level 1:colcon.colcon_core.environment:checking '/home/pranjal/robot_ws/argo-test/install/rplidar_ros/lib'
[13.470s] Level 1:colcon.colcon_core.environment:checking '/home/pranjal/robot_ws/argo-test/install/rplidar_ros/bin'
[13.470s] Level 1:colcon.colcon_core.environment:checking '/home/pranjal/robot_ws/argo-test/install/rplidar_ros/lib/pkgconfig/rplidar_ros.pc'
[13.471s] Level 1:colcon.colcon_core.environment:checking '/home/pranjal/robot_ws/argo-test/install/rplidar_ros/lib/python3.12/site-packages'
[13.471s] Level 1:colcon.colcon_core.environment:checking '/home/pranjal/robot_ws/argo-test/install/rplidar_ros/bin'
[13.471s] INFO:colcon.colcon_core.shell:Creating package descriptor '/home/pranjal/robot_ws/argo-test/install/rplidar_ros/share/rplidar_ros/package.dsv'
[13.472s] INFO:colcon.colcon_core.shell:Creating package script '/home/pranjal/robot_ws/argo-test/install/rplidar_ros/share/rplidar_ros/package.sh'
[13.472s] INFO:colcon.colcon_core.shell:Creating package script '/home/pranjal/robot_ws/argo-test/install/rplidar_ros/share/rplidar_ros/package.bash'
[13.472s] INFO:colcon.colcon_core.shell:Creating package script '/home/pranjal/robot_ws/argo-test/install/rplidar_ros/share/rplidar_ros/package.zsh'
[13.472s] Level 1:colcon.colcon_core.environment:create_file_with_runtime_dependencies(/home/pranjal/robot_ws/argo-test/install/rplidar_ros/share/colcon-core/packages/rplidar_ros)
[13.473s] Level 1:colcon.colcon_core.environment:create_environment_scripts_only(rplidar_ros)
[13.473s] Level 1:colcon.colcon_core.environment:checking '/home/pranjal/robot_ws/argo-test/install/rplidar_ros' for CMake module files
[13.473s] Level 1:colcon.colcon_core.environment:checking '/home/pranjal/robot_ws/argo-test/install/rplidar_ros' for CMake config files
[13.474s] Level 1:colcon.colcon_core.shell:create_environment_hook('rplidar_ros', 'cmake_prefix_path')
[13.474s] INFO:colcon.colcon_core.shell:Creating environment descriptor '/home/pranjal/robot_ws/argo-test/install/rplidar_ros/share/rplidar_ros/hook/cmake_prefix_path.dsv'
[13.474s] INFO:colcon.colcon_core.shell:Creating environment hook '/home/pranjal/robot_ws/argo-test/install/rplidar_ros/share/rplidar_ros/hook/cmake_prefix_path.sh'
[13.474s] Level 1:colcon.colcon_core.environment:checking '/home/pranjal/robot_ws/argo-test/install/rplidar_ros/lib'
[13.474s] Level 1:colcon.colcon_core.environment:checking '/home/pranjal/robot_ws/argo-test/install/rplidar_ros/bin'
[13.475s] Level 1:colcon.colcon_core.environment:checking '/home/pranjal/robot_ws/argo-test/install/rplidar_ros/lib/pkgconfig/rplidar_ros.pc'
[13.475s] Level 1:colcon.colcon_core.environment:checking '/home/pranjal/robot_ws/argo-test/install/rplidar_ros/lib/python3.12/site-packages'
[13.475s] Level 1:colcon.colcon_core.environment:checking '/home/pranjal/robot_ws/argo-test/install/rplidar_ros/bin'
[13.475s] INFO:colcon.colcon_core.shell:Creating package descriptor '/home/pranjal/robot_ws/argo-test/install/rplidar_ros/share/rplidar_ros/package.dsv'
[13.475s] INFO:colcon.colcon_core.shell:Creating package script '/home/pranjal/robot_ws/argo-test/install/rplidar_ros/share/rplidar_ros/package.sh'
[13.476s] INFO:colcon.colcon_core.shell:Creating package script '/home/pranjal/robot_ws/argo-test/install/rplidar_ros/share/rplidar_ros/package.bash'
[13.476s] INFO:colcon.colcon_core.shell:Creating package script '/home/pranjal/robot_ws/argo-test/install/rplidar_ros/share/rplidar_ros/package.zsh'
[13.476s] Level 1:colcon.colcon_core.environment:create_file_with_runtime_dependencies(/home/pranjal/robot_ws/argo-test/install/rplidar_ros/share/colcon-core/packages/rplidar_ros)
[13.476s] DEBUG:colcon.colcon_parallel_executor.executor.parallel:closing loop
[13.477s] DEBUG:colcon.colcon_parallel_executor.executor.parallel:loop closed
[13.477s] DEBUG:colcon.colcon_parallel_executor.executor.parallel:run_until_complete finished with '0'
[13.477s] DEBUG:colcon.colcon_core.event_reactor:joining thread
[13.524s] INFO:colcon.colcon_core.plugin_system:Skipping extension 'colcon_notification.desktop_notification.terminal_notifier': Not used on non-Darwin systems
[13.524s] INFO:colcon.colcon_core.plugin_system:Skipping extension 'colcon_notification.desktop_notification.win32': Not used on non-Windows systems
[13.524s] INFO:colcon.colcon_notification.desktop_notification:Sending desktop notification using 'notify2'
[13.542s] DEBUG:colcon.colcon_core.event_reactor:joined thread
[13.543s] INFO:colcon.colcon_core.shell:Creating prefix script '/home/pranjal/robot_ws/argo-test/install/local_setup.sh'
[13.544s] INFO:colcon.colcon_core.shell:Creating prefix util module '/home/pranjal/robot_ws/argo-test/install/_local_setup_util_sh.py'
[13.546s] INFO:colcon.colcon_core.shell:Creating prefix chain script '/home/pranjal/robot_ws/argo-test/install/setup.sh'
[13.547s] INFO:colcon.colcon_core.shell:Creating prefix script '/home/pranjal/robot_ws/argo-test/install/local_setup.bash'
[13.547s] INFO:colcon.colcon_core.shell:Creating prefix chain script '/home/pranjal/robot_ws/argo-test/install/setup.bash'
[13.548s] INFO:colcon.colcon_core.shell:Creating prefix script '/home/pranjal/robot_ws/argo-test/install/local_setup.zsh'
[13.549s] INFO:colcon.colcon_core.shell:Creating prefix chain script '/home/pranjal/robot_ws/argo-test/install/setup.zsh'
